1015 names from 'Kingdom of Ur' onward, 982 already done, 34 to go.
[1/34] Megalopolis: OK (2 rows)
[2/34] Chola: OK (1 rows)
[3/34] Chera: OK (1 rows)
[4/34] Pandya: OK (1 rows)
[5/34] Sattyaputas: OK (1 rows)
[6/34] Anuradhapura: OK (1 rows)
[7/34] Umbria: OK (4 rows)
[8/34] Picenum: OK (2 rows)
[9/34] Sabini: OK (1 rows)
[10/34] Epirote Ally: OK (37 rows)
[11/34] Mamertine Mercenaries: OK (2 rows)
[12/34] Tauromenion: OK (2 rows)
[13/34] Mamertines: OK (9 rows)
[14/34] Domain of Mithridates: OK (3 rows)
[15/34] Seleucid Ally: OK (13 rows)
[16/34] Lemnos: skip(no features)
[17/34] Imbros: OK (1 rows)
[18/34] Heraklea Pontica: OK (2 rows)
[19/34] Macedon: OK (19 rows)
[20/34] Achaean League: OK (4 rows)
[21/34] Illyrian Kingdom: OK (5 rows)
[22/34] Northern League: OK (6 rows)
[23/34] Mercenaries of Bithynia: OK (2 rows)
[24/34] Kingdom of Tylis: OK (1 rows)
[25/34] Kingdom of Macedonia: OK (53 rows)
[26/34] Celtic Mercenaries: OK (3 rows)
[27/34] Pirate Mercenaries: OK (2 rows)
[28/34] Kios: OK (2 rows)
[29/34] Pergamon: OK (3 rows)
[30/34] Thrace: OK (1 rows)
[31/34] Massylii: OK (2 rows)
[32/34] Masaesyli: OK (2 rows)
[33/34] Greco-Bactrian Kingdom: OK (1 rows)
[34/34] Mercenaries under Xanthippus: OK (1 rows)

Done this run: 34 processed -- {'OK': 33, 'SKIP_NO_TILES': 0, 'SKIP_NO_FEATURES': 1, 'ERROR': 0}
0 name(s) still remaining for a future run.
